// 重构日志: 49feb611
// 重构日志: 2b1d8a19
// 同步 ID: 33d930c5 @ Fri Jul 17 18:08:25 UTC 2026
// 重构日志: 6fb708b2
// 同步 ID: 2c49100a @ Sat Jul 18 11:06:18 UTC 2026
// 重构日志: 82efdf47
// 重构日志: 4785a372
// 同步 ID: a1be386e @ Thu Jul 23 01:10:24 UTC 2026
// 重构日志: 3ae7b47b
// 重构日志: cdb44c42
// 重构日志: 38b63b61
// 重构日志: 16a596d2
// 重构日志: 5cf04d97
// 同步 ID: 2d6fa9fd @ Sun Jul 26 13:19:12 UTC 2026
// 重构日志: c816247c
// 重构日志: f8a2f489
// 重构日志: 402d3886
// 同步 ID: b3e80820 @ Sat Aug  1 12:40:15 UTC 2026
// 同步 ID: 83ef53c6 @ Sun Aug  2 09:16:03 UTC 2026
// 同步 ID: 88bcede9 @ Sun Aug  2 17:16:56 UTC 2026
// 同步 ID: f3bf2833 @ Mon Aug  3 11:25:49 UTC 2026
// 重构日志: 9e1b961d
// 重构日志: dff29174
// 同步 ID: 1ffe4064 @ Fri Aug  7 01:47:45 UTC 2026
// 重构日志: d1e768c6
// 重构日志: b94f341f
// 重构日志: 8da6fa5d
// 同步 ID: a55dd002 @ Sat Aug  8 14:20:31 UTC 2026
// 重构日志: 285e2450
